Command line invocation:
    /Applications/Xcode.app/Contents/Developer/usr/bin/xcodebuild -project "/Users/ismailimamoglu/Desktop/Juicy Smash 2.0./juicysmsh2.0/juicysmsh2.0.xcodeproj" -scheme "juicysmsh2.0 iOS" -destination "platform=iOS Simulator,name=iPhone 17 Pro" build

Resolve Package Graph


Resolved source packages:
  GoogleUserMessagingPlatform: https://github.com/googleads/swift-package-manager-google-user-messaging-platform.git @ 3.1.0
  GoogleMobileAds: https://github.com/googleads/swift-package-manager-google-mobile-ads.git @ 13.2.0

ComputePackagePrebuildTargetDependencyGraph

Prepare packages

CreateBuildRequest

SendProjectDescription

CreateBuildOperation

ComputeTargetDependencyGraph
note: Building targets in dependency order
note: Target dependency graph (5 targets)
    Target 'juicysmsh2.0 iOS' in project 'juicysmsh2.0'
        ➜ Explicit dependency on target 'GoogleMobileAds' in project 'GoogleMobileAds'
    Target 'GoogleMobileAds' in project 'GoogleMobileAds'
        ➜ Explicit dependency on target 'GoogleMobileAdsTarget' in project 'GoogleMobileAds'
        ➜ Explicit dependency on target 'GoogleUserMessagingPlatform' in project 'GoogleUserMessagingPlatform'
    Target 'GoogleMobileAdsTarget' in project 'GoogleMobileAds'
        ➜ Explicit dependency on target 'GoogleUserMessagingPlatform' in project 'GoogleUserMessagingPlatform'
    Target 'GoogleUserMessagingPlatform' in project 'GoogleUserMessagingPlatform'
        ➜ Explicit dependency on target 'UserMessagingPlatformTarget' in project 'GoogleUserMessagingPlatform'
    Target 'UserMessagingPlatformTarget' in project 'GoogleUserMessagingPlatform' (no dependencies)

GatherProvisioningInputs

CreateBuildDescription

ExecuteExternalTool /Applications/Xcode.app/Contents/Developer/Toolchains/XcodeDefault.xctoolchain/usr/bin/swiftc --version

ExecuteExternalTool /Applications/Xcode.app/Contents/Developer/Toolchains/XcodeDefault.xctoolchain/usr/bin/clang -v -E -dM -arch arm64 -isysroot /Applications/Xcode.app/Contents/Developer/Platforms/iPhoneSimulator.platform/Developer/SDKs/iPhoneSimulator26.4.sdk -x objective-c -c /dev/null

ExecuteExternalTool /Applications/Xcode.app/Contents/Developer/Toolchains/XcodeDefault.xctoolchain/usr/bin/clang -v -E -dM -isysroot /Applications/Xcode.app/Contents/Developer/Platforms/iPhoneSimulator.platform/Developer/SDKs/iPhoneSimulator26.4.sdk -x c -c /dev/null

ExecuteExternalTool /Applications/Xcode.app/Contents/Developer/usr/bin/actool --print-asset-tag-combinations --output-format xml1 /Users/ismailimamoglu/Desktop/Juicy Smash 2.0./juicysmsh2.0/juicysmsh2.0 Shared/Assets.xcassets

ExecuteExternalTool /Applications/Xcode.app/Contents/Developer/usr/bin/actool --version --output-format xml1

ExecuteExternalTool /Applications/Xcode.app/Contents/Developer/Toolchains/XcodeDefault.xctoolchain/usr/bin/clang -v -E -dM -arch arm64 -isysroot /Applications/Xcode.app/Contents/Developer/Platforms/iPhoneSimulator.platform/Developer/SDKs/iPhoneSimulator26.4.sdk -x c -c /dev/null

ExecuteExternalTool /Applications/Xcode.app/Contents/Developer/Toolchains/XcodeDefault.xctoolchain/usr/bin/ld -version_details

Build description signature: cdc6c667e22aa96f2389a0f29bc708e6
Build description path: /Users/ismailimamoglu/Library/Developer/Xcode/DerivedData/juicysmsh2.0-hkwzlvurxikonmfcmrxwiudzqxxy/Build/Intermediates.noindex/XCBuildData/cdc6c667e22aa96f2389a0f29bc708e6.xcbuilddata
ClangStatCache /Applications/Xcode.app/Contents/Developer/Toolchains/XcodeDefault.xctoolchain/usr/bin/clang-stat-cache /Applications/Xcode.app/Contents/Developer/Platforms/iPhoneSimulator.platform/Developer/SDKs/iPhoneSimulator26.4.sdk /Users/ismailimamoglu/Library/Developer/Xcode/DerivedData/SDKStatCaches.noindex/iphonesimulator26.4-23E237-686eebb5dc1d8ecb277353a59184f4aa.sdkstatcache
    cd /Users/ismailimamoglu/Desktop/Juicy\ Smash\ 2.0./juicysmsh2.0/juicysmsh2.0.xcodeproj
    /Applications/Xcode.app/Contents/Developer/Toolchains/XcodeDefault.xctoolchain/usr/bin/clang-stat-cache /Applications/Xcode.app/Contents/Developer/Platforms/iPhoneSimulator.platform/Developer/SDKs/iPhoneSimulator26.4.sdk -o /Users/ismailimamoglu/Library/Developer/Xcode/DerivedData/SDKStatCaches.noindex/iphonesimulator26.4-23E237-686eebb5dc1d8ecb277353a59184f4aa.sdkstatcache

SwiftDriver juicysmsh2.0\ iOS normal arm64 com.apple.xcode.tools.swift.compiler (in target 'juicysmsh2.0 iOS' from project 'juicysmsh2.0')
    cd /Users/ismailimamoglu/Desktop/Juicy\ Smash\ 2.0./juicysmsh2.0
    builtin-SwiftDriver -- /Applications/Xcode.app/Contents/Developer/Toolchains/XcodeDefault.xctoolchain/usr/bin/swiftc -module-name juicysmsh2_0 -Onone @/Users/ismailimamoglu/Library/Developer/Xcode/DerivedData/juicysmsh2.0-hkwzlvurxikonmfcmrxwiudzqxxy/Build/Intermediates.noindex/juicysmsh2.0.build/Debug-iphonesimulator/juicysmsh2.0\ iOS.build/Objects-normal/arm64/juicysmsh2.0.SwiftFileList -DDEBUG -Xcc -fmodule-map-file\=/Users/ismailimamoglu/Library/Developer/Xcode/DerivedData/juicysmsh2.0-hkwzlvurxikonmfcmrxwiudzqxxy/Build/Intermediates.noindex/GeneratedModuleMaps-iphonesimulator/UserMessagingPlatformTarget.modulemap -default-isolation\=MainActor -enable-bare-slash-regex -enable-upcoming-feature DisableOutwardActorInference -enable-upcoming-feature InferSendableFromCaptures -enable-upcoming-feature GlobalActorIsolatedTypesUsability -enable-upcoming-feature MemberImportVisibility -enable-upcoming-feature InferIsolatedConformances -enable-upcoming-feature NonisolatedNonsendingByDefault -enable-experimental-feature DebugDescriptionMacro -sdk /Applications/Xcode.app/Contents/Developer/Platforms/iPhoneSimulator.platform/Developer/SDKs/iPhoneSimulator26.4.sdk -target arm64-apple-ios26.0-simulator -g -module-cache-path /Users/ismailimamoglu/Library/Developer/Xcode/DerivedData/ModuleCache.noindex -Xfrontend -serialize-debugging-options -enable-testing -index-store-path /Users/ismailimamoglu/Library/Developer/Xcode/DerivedData/juicysmsh2.0-hkwzlvurxikonmfcmrxwiudzqxxy/Index.noindex/DataStore -Xcc -D_LIBCPP_HARDENING_MODE\=_LIBCPP_HARDENING_MODE_DEBUG -swift-version 5 -I /Users/ismailimamoglu/Library/Developer/Xcode/DerivedData/juicysmsh2.0-hkwzlvurxikonmfcmrxwiudzqxxy/Build/Products/Debug-iphonesimulator -F /Users/ismailimamoglu/Library/Developer/Xcode/DerivedData/juicysmsh2.0-hkwzlvurxikonmfcmrxwiudzqxxy/Build/Products/Debug-iphonesimulator/PackageFrameworks -F /Users/ismailimamoglu/Library/Developer/Xcode/DerivedData/juicysmsh2.0-hkwzlvurxikonmfcmrxwiudzqxxy/Build/Products/Debug-iphonesimulator/PackageFrameworks -F /Users/ismailimamoglu/Library/Developer/Xcode/DerivedData/juicysmsh2.0-hkwzlvurxikonmfcmrxwiudzqxxy/Build/Products/Debug-iphonesimulator -emit-localized-strings -emit-localized-strings-path /Users/ismailimamoglu/Library/Developer/Xcode/DerivedData/juicysmsh2.0-hkwzlvurxikonmfcmrxwiudzqxxy/Build/Intermediates.noindex/juicysmsh2.0.build/Debug-iphonesimulator/juicysmsh2.0\ iOS.build/Objects-normal/arm64 -c -j10 -enable-batch-mode -incremental -Xcc -ivfsstatcache -Xcc /Users/ismailimamoglu/Library/Developer/Xcode/DerivedData/SDKStatCaches.noindex/iphonesimulator26.4-23E237-686eebb5dc1d8ecb277353a59184f4aa.sdkstatcache -output-file-map /Users/ismailimamoglu/Library/Developer/Xcode/DerivedData/juicysmsh2.0-hkwzlvurxikonmfcmrxwiudzqxxy/Build/Intermediates.noindex/juicysmsh2.0.build/Debug-iphonesimulator/juicysmsh2.0\ iOS.build/Objects-normal/arm64/juicysmsh2.0\ iOS-OutputFileMap.json -use-frontend-parseable-output -save-temps -no-color-diagnostics -explicit-module-build -module-cache-path /Users/ismailimamoglu/Library/Developer/Xcode/DerivedData/juicysmsh2.0-hkwzlvurxikonmfcmrxwiudzqxxy/Build/Intermediates.noindex/SwiftExplicitPrecompiledModules -clang-scanner-module-cache-path /Users/ismailimamoglu/Library/Developer/Xcode/DerivedData/ModuleCache.noindex -sdk-module-cache-path /Users/ismailimamoglu/Library/Developer/Xcode/DerivedData/ModuleCache.noindex -serialize-diagnostics -emit-dependencies -emit-module -emit-module-path /Users/ismailimamoglu/Library/Developer/Xcode/DerivedData/juicysmsh2.0-hkwzlvurxikonmfcmrxwiudzqxxy/Build/Intermediates.noindex/juicysmsh2.0.build/Debug-iphonesimulator/juicysmsh2.0\ iOS.build/Objects-normal/arm64/juicysmsh2_0.swiftmodule -validate-clang-modules-once -clang-build-session-file /Users/ismailimamoglu/Library/Developer/Xcode/DerivedData/ModuleCache.noindex/Session.modulevalidation -Xcc -I/Users/ismailimamoglu/Library/Developer/Xcode/DerivedData/juicysmsh2.0-hkwzlvurxikonmfcmrxwiudzqxxy/Build/Intermediates.noindex/juicysmsh2.0.build/Debug-iphonesimulator/juicysmsh2.0\ iOS.build/swift-overrides.hmap -emit-const-values -Xfrontend -const-gather-protocols-file -Xfrontend /Users/ismailimamoglu/Library/Developer/Xcode/DerivedData/juicysmsh2.0-hkwzlvurxikonmfcmrxwiudzqxxy/Build/Intermediates.noindex/juicysmsh2.0.build/Debug-iphonesimulator/juicysmsh2.0\ iOS.build/Objects-normal/arm64/juicysmsh2.0\ iOS_const_extract_protocols.json -Xcc -iquote -Xcc /Users/ismailimamoglu/Library/Developer/Xcode/DerivedData/juicysmsh2.0-hkwzlvurxikonmfcmrxwiudzqxxy/Build/Intermediates.noindex/juicysmsh2.0.build/Debug-iphonesimulator/juicysmsh2.0\ iOS.build/juicysmsh2.0-generated-files.hmap -Xcc -I/Users/ismailimamoglu/Library/Developer/Xcode/DerivedData/juicysmsh2.0-hkwzlvurxikonmfcmrxwiudzqxxy/Build/Intermediates.noindex/juicysmsh2.0.build/Debug-iphonesimulator/juicysmsh2.0\ iOS.build/juicysmsh2.0-own-target-headers.hmap -Xcc -I/Users/ismailimamoglu/Library/Developer/Xcode/DerivedData/juicysmsh2.0-hkwzlvurxikonmfcmrxwiudzqxxy/Build/Intermediates.noindex/juicysmsh2.0.build/Debug-iphonesimulator/juicysmsh2.0\ iOS.build/juicysmsh2.0-all-non-framework-target-headers.hmap -Xcc -ivfsoverlay -Xcc /Users/ismailimamoglu/Library/Developer/Xcode/DerivedData/juicysmsh2.0-hkwzlvurxikonmfcmrxwiudzqxxy/Build/Intermediates.noindex/juicysmsh2.0.build/Debug-iphonesimulator/juicysmsh2.0-981c7be0113650477b9393cab6531a0f-VFS-iphonesimulator/all-product-headers.yaml -Xcc -iquote -Xcc /Users/ismailimamoglu/Library/Developer/Xcode/DerivedData/juicysmsh2.0-hkwzlvurxikonmfcmrxwiudzqxxy/Build/Intermediates.noindex/juicysmsh2.0.build/Debug-iphonesimulator/juicysmsh2.0\ iOS.build/juicysmsh2.0-project-headers.hmap -Xcc -I/Users/ismailimamoglu/Library/Developer/Xcode/DerivedData/juicysmsh2.0-hkwzlvurxikonmfcmrxwiudzqxxy/SourcePackages/checkouts/swift-package-manager-google-user-messaging-platform/UserMessagingPlatformTarget/include -Xcc -I/Users/ismailimamoglu/Library/Developer/Xcode/DerivedData/juicysmsh2.0-hkwzlvurxikonmfcmrxwiudzqxxy/Build/Products/Debug-iphonesimulator/include -Xcc -I/Users/ismailimamoglu/Library/Developer/Xcode/DerivedData/juicysmsh2.0-hkwzlvurxikonmfcmrxwiudzqxxy/Build/Intermediates.noindex/juicysmsh2.0.build/Debug-iphonesimulator/juicysmsh2.0\ iOS.build/DerivedSources-normal/arm64 -Xcc -I/Users/ismailimamoglu/Library/Developer/Xcode/DerivedData/juicysmsh2.0-hkwzlvurxikonmfcmrxwiudzqxxy/Build/Intermediates.noindex/juicysmsh2.0.build/Debug-iphonesimulator/juicysmsh2.0\ iOS.build/DerivedSources/arm64 -Xcc -I/Users/ismailimamoglu/Library/Developer/Xcode/DerivedData/juicysmsh2.0-hkwzlvurxikonmfcmrxwiudzqxxy/Build/Intermediates.noindex/juicysmsh2.0.build/Debug-iphonesimulator/juicysmsh2.0\ iOS.build/DerivedSources -Xcc -DDEBUG\=1 -emit-objc-header -emit-objc-header-path /Users/ismailimamoglu/Library/Developer/Xcode/DerivedData/juicysmsh2.0-hkwzlvurxikonmfcmrxwiudzqxxy/Build/Intermediates.noindex/juicysmsh2.0.build/Debug-iphonesimulator/juicysmsh2.0\ iOS.build/Objects-normal/arm64/juicysmsh2_0-Swift.h -working-directory /Users/ismailimamoglu/Desktop/Juicy\ Smash\ 2.0./juicysmsh2.0 -experimental-emit-module-separately -disable-cmo

ProcessInfoPlistFile /Users/ismailimamoglu/Library/Developer/Xcode/DerivedData/juicysmsh2.0-hkwzlvurxikonmfcmrxwiudzqxxy/Build/Products/Debug-iphonesimulator/juicysmsh2.0.app/Info.plist /Users/ismailimamoglu/Desktop/Juicy\ Smash\ 2.0./juicysmsh2.0/juicysmsh2.0\ iOS/Info.plist (in target 'juicysmsh2.0 iOS' from project 'juicysmsh2.0')
    cd /Users/ismailimamoglu/Desktop/Juicy\ Smash\ 2.0./juicysmsh2.0
    builtin-infoPlistUtility /Users/ismailimamoglu/Desktop/Juicy\ Smash\ 2.0./juicysmsh2.0/juicysmsh2.0\ iOS/Info.plist -producttype com.apple.product-type.application -genpkginfo /Users/ismailimamoglu/Library/Developer/Xcode/DerivedData/juicysmsh2.0-hkwzlvurxikonmfcmrxwiudzqxxy/Build/Products/Debug-iphonesimulator/juicysmsh2.0.app/PkgInfo -expandbuildsettings -format binary -platform iphonesimulator -additionalcontentfile /Users/ismailimamoglu/Library/Developer/Xcode/DerivedData/juicysmsh2.0-hkwzlvurxikonmfcmrxwiudzqxxy/Build/Intermediates.noindex/juicysmsh2.0.build/Debug-iphonesimulator/juicysmsh2.0\ iOS.build/assetcatalog_generated_info.plist -scanforprivacyfile /Users/ismailimamoglu/Library/Developer/Xcode/DerivedData/juicysmsh2.0-hkwzlvurxikonmfcmrxwiudzqxxy/Build/Products/Debug-iphonesimulator/juicysmsh2.0.app/Frameworks/GoogleMobileAds.framework -scanforprivacyfile /Users/ismailimamoglu/Library/Developer/Xcode/DerivedData/juicysmsh2.0-hkwzlvurxikonmfcmrxwiudzqxxy/Build/Products/Debug-iphonesimulator/juicysmsh2.0.app/Frameworks/UserMessagingPlatform.framework -o /Users/ismailimamoglu/Library/Developer/Xcode/DerivedData/juicysmsh2.0-hkwzlvurxikonmfcmrxwiudzqxxy/Build/Products/Debug-iphonesimulator/juicysmsh2.0.app/Info.plist

SwiftEmitModule normal arm64 Emitting\ module\ for\ juicysmsh2_0 (in target 'juicysmsh2.0 iOS' from project 'juicysmsh2.0')

EmitSwiftModule normal arm64 (in target 'juicysmsh2.0 iOS' from project 'juicysmsh2.0')
    cd /Users/ismailimamoglu/Desktop/Juicy\ Smash\ 2.0./juicysmsh2.0
    

SwiftCompile normal arm64 Compiling\ HarvestGridView.swift /Users/ismailimamoglu/Desktop/Juicy\ Smash\ 2.0./juicysmsh2.0/juicysmsh2.0\ Shared/Views/HarvestGridView.swift (in target 'juicysmsh2.0 iOS' from project 'juicysmsh2.0')
SwiftCompile normal arm64 /Users/ismailimamoglu/Desktop/Juicy\ Smash\ 2.0./juicysmsh2.0/juicysmsh2.0\ Shared/Views/HarvestGridView.swift (in target 'juicysmsh2.0 iOS' from project 'juicysmsh2.0')
    cd /Users/ismailimamoglu/Desktop/Juicy\ Smash\ 2.0./juicysmsh2.0
    
/Users/ismailimamoglu/Desktop/Juicy Smash 2.0./juicysmsh2.0/juicysmsh2.0 Shared/Views/HarvestGridView.swift:202:21: error: cannot find 'TileView' in scope
                    TileView(tile: tile, size: tileSize, isHinted: orchestrator.hintedTiles.contains(tile.id))
                    ^~~~~~~~
/Users/ismailimamoglu/Desktop/Juicy Smash 2.0./juicysmsh2.0/juicysmsh2.0 Shared/Views/HarvestGridView.swift:404:24: error: value of type 'FloatingScore' has no member 'value'
        Text("+\(score.value)")
                 ~~~~~ ^~~~~

Failed frontend command:
/Applications/Xcode.app/Contents/Developer/Toolchains/XcodeDefault.xctoolchain/usr/bin/swift-frontend -frontend -c /Users/ismailimamoglu/Desktop/Juicy\ Smash\ 2.0./juicysmsh2.0/juicysmsh2.0\ Shared/App/MainApp.swift /Users/ismailimamoglu/Desktop/Juicy\ Smash\ 2.0./juicysmsh2.0/juicysmsh2.0\ Shared/Models/AdManager.swift /Users/ismailimamoglu/Desktop/Juicy\ Smash\ 2.0./juicysmsh2.0/juicysmsh2.0\ Shared/Models/GameLogger.swift /Users/ismailimamoglu/Desktop/Juicy\ Smash\ 2.0./juicysmsh2.0/juicysmsh2.0\ Shared/Models/NectarDataModel.swift /Users/ismailimamoglu/Desktop/Juicy\ Smash\ 2.0./juicysmsh2.0/juicysmsh2.0\ Shared/Models/ProgressionManager.swift /Users/ismailimamoglu/Desktop/Juicy\ Smash\ 2.0./juicysmsh2.0/juicysmsh2.0\ Shared/Models/SoundManager.swift /Users/ismailimamoglu/Desktop/Juicy\ Smash\ 2.0./juicysmsh2.0/juicysmsh2.0\ Shared/Models/StoreManager.swift /Users/ismailimamoglu/Desktop/Juicy\ Smash\ 2.0./juicysmsh2.0/juicysmsh2.0\ Shared/ViewModels/OrchardOrchestrator.swift /Users/ismailimamoglu/Desktop/Juicy\ Smash\ 2.0./juicysmsh2.0/juicysmsh2.0\ Shared/Views/Extensions.swift -primary-file /Users/ismailimamoglu/Desktop/Juicy\ Smash\ 2.0./juicysmsh2.0/juicysmsh2.0\ Shared/Views/HarvestGridView.swift /Users/ismailimamoglu/Library/Developer/Xcode/DerivedData/juicysmsh2.0-hkwzlvurxikonmfcmrxwiudzqxxy/Build/Intermediates.noindex/juicysmsh2.0.build/Debug-iphonesimulator/juicysmsh2.0\ iOS.build/DerivedSources/GeneratedAssetSymbols.swift -emit-dependencies-path /Users/ismailimamoglu/Library/Developer/Xcode/DerivedData/juicysmsh2.0-hkwzlvurxikonmfcmrxwiudzqxxy/Build/Intermediates.noindex/juicysmsh2.0.build/Debug-iphonesimulator/juicysmsh2.0\ iOS.build/Objects-normal/arm64/HarvestGridView.d -emit-const-values-path /Users/ismailimamoglu/Library/Developer/Xcode/DerivedData/juicysmsh2.0-hkwzlvurxikonmfcmrxwiudzqxxy/Build/Intermediates.noindex/juicysmsh2.0.build/Debug-iphonesimulator/juicysmsh2.0\ iOS.build/Objects-normal/arm64/HarvestGridView.swiftconstvalues -emit-reference-dependencies-path /Users/ismailimamoglu/Library/Developer/Xcode/DerivedData/juicysmsh2.0-hkwzlvurxikonmfcmrxwiudzqxxy/Build/Intermediates.noindex/juicysmsh2.0.build/Debug-iphonesimulator/juicysmsh2.0\ iOS.build/Objects-normal/arm64/HarvestGridView.swiftdeps -serialize-diagnostics-path /Users/ismailimamoglu/Library/Developer/Xcode/DerivedData/juicysmsh2.0-hkwzlvurxikonmfcmrxwiudzqxxy/Build/Intermediates.noindex/juicysmsh2.0.build/Debug-iphonesimulator/juicysmsh2.0\ iOS.build/Objects-normal/arm64/HarvestGridView.dia -emit-localized-strings -emit-localized-strings-path /Users/ismailimamoglu/Library/Developer/Xcode/DerivedData/juicysmsh2.0-hkwzlvurxikonmfcmrxwiudzqxxy/Build/Intermediates.noindex/juicysmsh2.0.build/Debug-iphonesimulator/juicysmsh2.0\ iOS.build/Objects-normal/arm64 -target arm64-apple-ios26.0-simulator -module-can-import-version DeveloperToolsSupport 23.40.26 23.40.26 -module-can-import-version SwiftUI 7.4.27.1 7.4.27 -module-can-import-version UIKit 9126.4.27.1 9126.4.27 -disable-cross-import-overlay-search -swift-module-cross-import StoreKit /Applications/Xcode.app/Contents/Developer/Platforms/iPhoneSimulator.platform/Developer/SDKs/iPhoneSimulator.sdk/System/Library/Frameworks/StoreKit.framework/Modules/StoreKit.swiftcrossimport/SwiftUI.swiftoverlay -swift-module-cross-import StoreKit /Applications/Xcode.app/Contents/Developer/Platforms/iPhoneSimulator.platform/Developer/SDKs/iPhoneSimulator26.4.sdk/System/Library/Frameworks/StoreKit.framework/Modules/StoreKit.swiftcrossimport/SwiftUI.swiftoverlay -load-resolved-plugin /Applications/Xcode.app/Contents/Developer/Platforms/iPhoneOS.platform/Developer/usr/lib/swift/host/plugins/libFoundationMacros.dylib\#/Applications/Xcode.app/Contents/Developer/Platforms/iPhoneOS.platform/Developer/usr/bin/swift-plugin-server\#FoundationMacros -load-resolved-plugin /Applications/Xcode.app/Contents/Developer/Platforms/iPhoneOS.platform/Developer/usr/lib/swift/host/plugins/libObservationMacros.dylib\#/Applications/Xcode.app/Contents/Developer/Platforms/iPhoneOS.platform/Developer/usr/bin/swift-plugin-server\#ObservationMacros -load-resolved-plugin /Applications/Xcode.app/Contents/Developer/Platforms/iPhoneOS.platform/Developer/usr/lib/swift/host/plugins/libPreviewsMacros.dylib\#/Applications/Xcode.app/Contents/Developer/Platforms/iPhoneOS.platform/Developer/usr/bin/swift-plugin-server\#PreviewsMacros -load-resolved-plugin /Applications/Xcode.app/Contents/Developer/Platforms/iPhoneOS.platform/Developer/usr/lib/swift/host/plugins/libSwiftMacros.dylib\#/Applications/Xcode.app/Contents/Developer/Platforms/iPhoneOS.platform/Developer/usr/bin/swift-plugin-server\#SwiftMacros -load-resolved-plugin /Applications/Xcode.app/Contents/Developer/Platforms/iPhoneOS.platform/Developer/usr/lib/swift/host/plugins/libSwiftUIMacros.dylib\#/Applications/Xcode.app/Contents/Developer/Platforms/iPhoneOS.platform/Developer/usr/bin/swift-plugin-server\#SwiftUIMacros -disable-implicit-swift-modules -Xcc -fno-implicit-modules -Xcc -fno-implicit-module-maps -explicit-swift-module-map-file /Users/ismailimamoglu/Library/Developer/Xcode/DerivedData/juicysmsh2.0-hkwzlvurxikonmfcmrxwiudzqxxy/Build/Intermediates.noindex/juicysmsh2.0.build/Debug-iphonesimulator/juicysmsh2.0\ iOS.build/Objects-normal/arm64/juicysmsh2_0-dependencies-1.json -debug-module-path /Users/ismailimamoglu/Library/Developer/Xcode/DerivedData/juicysmsh2.0-hkwzlvurxikonmfcmrxwiudzqxxy/Build/Intermediates.noindex/juicysmsh2.0.build/Debug-iphonesimulator/juicysmsh2.0\ iOS.build/Objects-normal/arm64/juicysmsh2_0.swiftmodule -Xllvm -aarch64-use-tbi -enable-objc-interop -sdk /Applications/Xcode.app/Contents/Developer/Platforms/iPhoneSimulator.platform/Developer/SDKs/iPhoneSimulator26.4.sdk -I /Users/ismailimamoglu/Library/Developer/Xcode/DerivedData/juicysmsh2.0-hkwzlvurxikonmfcmrxwiudzqxxy/Build/Products/Debug-iphonesimulator -F /Users/ismailimamoglu/Library/Developer/Xcode/DerivedData/juicysmsh2.0-hkwzlvurxikonmfcmrxwiudzqxxy/Build/Products/Debug-iphonesimulator/PackageFrameworks -F /Users/ismailimamoglu/Library/Developer/Xcode/DerivedData/juicysmsh2.0-hkwzlvurxikonmfcmrxwiudzqxxy/Build/Products/Debug-iphonesimulator/PackageFrameworks -F /Users/ismailimamoglu/Library/Developer/Xcode/DerivedData/juicysmsh2.0-hkwzlvurxikonmfcmrxwiudzqxxy/Build/Products/Debug-iphonesimulator -no-color-diagnostics -Xcc -fno-color-diagnostics -enable-testing -g -debug-info-format\=dwarf -dwarf-version\=5 -module-cache-path /Users/ismailimamoglu/Library/Developer/Xcode/DerivedData/juicysmsh2.0-hkwzlvurxikonmfcmrxwiudzqxxy/Build/Intermediates.noindex/SwiftExplicitPrecompiledModules -swift-version 5 -Onone -D DEBUG -serialize-debugging-options -const-gather-protocols-file /Users/ismailimamoglu/Library/Developer/Xcode/DerivedData/juicysmsh2.0-hkwzlvurxikonmfcmrxwiudzqxxy/Build/Intermediates.noindex/juicysmsh2.0.build/Debug-iphonesimulator/juicysmsh2.0\ iOS.build/Objects-normal/arm64/juicysmsh2.0\ iOS_const_extract_protocols.json -enable-upcoming-feature DisableOutwardActorInference -enable-upcoming-feature InferSendableFromCaptures -enable-upcoming-feature GlobalActorIsolatedTypesUsability -enable-upcoming-feature MemberImportVisibility -enable-upcoming-feature InferIsolatedConformances -enable-upcoming-feature NonisolatedNonsendingByDefault -enable-experimental-feature DebugDescriptionMacro -enable-bare-slash-regex -default-isolation\=MainActor -empty-abi-descriptor -validate-clang-modules-once -clang-build-session-file /Users/ismailimamoglu/Library/Developer/Xcode/DerivedData/ModuleCache.noindex/Session.modulevalidation -Xcc -working-directory -Xcc /Users/ismailimamoglu/Desktop/Juicy\ Smash\ 2.0./juicysmsh2.0 -enable-anonymous-context-mangled-names -file-compilation-dir /Users/ismailimamoglu/Desktop/Juicy\ Smash\ 2.0./juicysmsh2.0 -Xcc -fmodule-map-file\=/Users/ismailimamoglu/Library/Developer/Xcode/DerivedData/juicysmsh2.0-hkwzlvurxikonmfcmrxwiudzqxxy/Build/Intermediates.noindex/GeneratedModuleMaps-iphonesimulator/UserMessagingPlatformTarget.modulemap -Xcc -D_LIBCPP_HARDENING_MODE\=_LIBCPP_HARDENING_MODE_DEBUG -Xcc -ivfsstatcache -Xcc /Users/ismailimamoglu/Library/Developer/Xcode/DerivedData/SDKStatCaches.noindex/iphonesimulator26.4-23E237-686eebb5dc1d8ecb277353a59184f4aa.sdkstatcache -Xcc -I/Users/ismailimamoglu/Library/Developer/Xcode/DerivedData/juicysmsh2.0-hkwzlvurxikonmfcmrxwiudzqxxy/Build/Intermediates.noindex/juicysmsh2.0.build/Debug-iphonesimulator/juicysmsh2.0\ iOS.build/swift-overrides.hmap -Xcc -iquote -Xcc /Users/ismailimamoglu/Library/Developer/Xcode/DerivedData/juicysmsh2.0-hkwzlvurxikonmfcmrxwiudzqxxy/Build/Intermediates.noindex/juicysmsh2.0.build/Debug-iphonesimulator/juicysmsh2.0\ iOS.build/juicysmsh2.0-generated-files.hmap -Xcc -I/Users/ismailimamoglu/Library/Developer/Xcode/DerivedData/juicysmsh2.0-hkwzlvurxikonmfcmrxwiudzqxxy/Build/Intermediates.noindex/juicysmsh2.0.build/Debug-iphonesimulator/juicysmsh2.0\ iOS.build/juicysmsh2.0-own-target-headers.hmap -Xcc -I/Users/ismailimamoglu/Library/Developer/Xcode/DerivedData/juicysmsh2.0-hkwzlvurxikonmfcmrxwiudzqxxy/Build/Intermediates.noindex/juicysmsh2.0.build/Debug-iphonesimulator/juicysmsh2.0\ iOS.build/juicysmsh2.0-all-non-framework-target-headers.hmap -Xcc -ivfsoverlay -Xcc /Users/ismailimamoglu/Library/Developer/Xcode/DerivedData/juicysmsh2.0-hkwzlvurxikonmfcmrxwiudzqxxy/Build/Intermediates.noindex/juicysmsh2.0.build/Debug-iphonesimulator/juicysmsh2.0-981c7be0113650477b9393cab6531a0f-VFS-iphonesimulator/all-product-headers.yaml -Xcc -iquote -Xcc /Users/ismailimamoglu/Library/Developer/Xcode/DerivedData/juicysmsh2.0-hkwzlvurxikonmfcmrxwiudzqxxy/Build/Intermediates.noindex/juicysmsh2.0.build/Debug-iphonesimulator/juicysmsh2.0\ iOS.build/juicysmsh2.0-project-headers.hmap -Xcc -I/Users/ismailimamoglu/Library/Developer/Xcode/DerivedData/juicysmsh2.0-hkwzlvurxikonmfcmrxwiudzqxxy/SourcePackages/checkouts/swift-package-manager-google-user-messaging-platform/UserMessagingPlatformTarget/include -Xcc -I/Users/ismailimamoglu/Library/Developer/Xcode/DerivedData/juicysmsh2.0-hkwzlvurxikonmfcmrxwiudzqxxy/Build/Products/Debug-iphonesimulator/include -Xcc -I/Users/ismailimamoglu/Library/Developer/Xcode/DerivedData/juicysmsh2.0-hkwzlvurxikonmfcmrxwiudzqxxy/Build/Intermediates.noindex/juicysmsh2.0.build/Debug-iphonesimulator/juicysmsh2.0\ iOS.build/DerivedSources-normal/arm64 -Xcc -I/Users/ismailimamoglu/Library/Developer/Xcode/DerivedData/juicysmsh2.0-hkwzlvurxikonmfcmrxwiudzqxxy/Build/Intermediates.noindex/juicysmsh2.0.build/Debug-iphonesimulator/juicysmsh2.0\ iOS.build/DerivedSources/arm64 -Xcc -I/Users/ismailimamoglu/Library/Developer/Xcode/DerivedData/juicysmsh2.0-hkwzlvurxikonmfcmrxwiudzqxxy/Build/Intermediates.noindex/juicysmsh2.0.build/Debug-iphonesimulator/juicysmsh2.0\ iOS.build/DerivedSources -Xcc -DDEBUG\=1 -no-auto-bridging-header-chaining -module-name juicysmsh2_0 -frontend-parseable-output -disable-clang-spi -clang-target arm64-apple-ios26.4-simulator -target-sdk-version 26.4 -target-sdk-name iphonesimulator26.4 -in-process-plugin-server-path /Applications/Xcode.app/Contents/Developer/Toolchains/XcodeDefault.xctoolchain/usr/lib/swift/host/libSwiftInProcPluginServer.dylib -o /Users/ismailimamoglu/Library/Developer/Xcode/DerivedData/juicysmsh2.0-hkwzlvurxikonmfcmrxwiudzqxxy/Build/Intermediates.noindex/juicysmsh2.0.build/Debug-iphonesimulator/juicysmsh2.0\ iOS.build/Objects-normal/arm64/HarvestGridView.o -index-unit-output-path /juicysmsh2.0.build/Debug-iphonesimulator/juicysmsh2.0\ iOS.build/Objects-normal/arm64/HarvestGridView.o -index-store-path /Users/ismailimamoglu/Library/Developer/Xcode/DerivedData/juicysmsh2.0-hkwzlvurxikonmfcmrxwiudzqxxy/Index.noindex/DataStore -index-system-modules
** BUILD FAILED **


The following build commands failed:
	SwiftCompile normal arm64 /Users/ismailimamoglu/Desktop/Juicy\ Smash\ 2.0./juicysmsh2.0/juicysmsh2.0\ Shared/Views/HarvestGridView.swift (in target 'juicysmsh2.0 iOS' from project 'juicysmsh2.0')
	SwiftCompile normal arm64 Compiling\ HarvestGridView.swift /Users/ismailimamoglu/Desktop/Juicy\ Smash\ 2.0./juicysmsh2.0/juicysmsh2.0\ Shared/Views/HarvestGridView.swift (in target 'juicysmsh2.0 iOS' from project 'juicysmsh2.0')
	Building project juicysmsh2.0 with scheme juicysmsh2.0 iOS
(3 failures)
